// Jest Snapshot v1, https://goo.gl/fbAQLP

exports[`renders 404 Page 1`] = `[Function]`;
