// Jest Snapshot v1, https://goo.gl/fbAQLP

exports[`renders login page 1`] = `[Function]`;
